
> my-v0-project@0.1.0 build
> next build

   ▲ Next.js 15.2.4
   - Environments: .env.local

   Creating an optimized production build ...
 ✓ Compiled successfully
   Skipping validation of types
   Skipping linting
   Collecting page data ...
   Generating static pages (0/11) ...
   Generating static pages (2/11) 
   Generating static pages (5/11) 
   Generating static pages (8/11) 
 ✓ Generating static pages (11/11)
   Finalizing page optimization ...
   Collecting build traces ...

Route (app)                                 Size  First Load JS
┌ ○ /                                    6.02 kB         123 kB
├ ○ /_not-found                            978 B         101 kB
├ ƒ /api/chat/[userId]                     143 B         101 kB
├ ƒ /api/chat/current-user                 143 B         101 kB
├ ○ /auth                                3.65 kB         121 kB
├ ○ /auth/forgot-password                6.31 kB         115 kB
├ ○ /auth/reset-password                 3.73 kB         116 kB
├ ○ /onboarding                          11.6 kB         128 kB
├ ○ /profile                             26.4 kB         147 kB
├ ƒ /profile/[id]                        11.3 kB         120 kB
└ ○ /profile/current-user                  964 B         101 kB
+ First Load JS shared by all             100 kB
  ├ chunks/4bd1b696-ca083fedadd5836c.js  53.2 kB
  ├ chunks/684-4b918f01f8f465b7.js       45.3 kB
  └ other shared chunks (total)          1.89 kB


○  (Static)   prerendered as static content
ƒ  (Dynamic)  server-rendered on demand

